[17:19:32] PS G:\gamejam-analyzer> mkdir docs logs spec src tests

[17:19:38] PS G:\gamejam-analyzer> git status
On branch main

No commits yet

Untracked files:
  (use "git add <file>..." to include in what will be committed)
	docs/
	logs/
	screenshots/
	src/
	tests/

nothing added to commit but untracked files present (use "git add" to track)
[17:19:44] PS G:\gamejam-analyzer> git add docs/ src/ tests/

[17:19:54] PS G:\gamejam-analyzer> git commit -m "docs: create base SDD repository layout"
[main (root-commit) 0e79455] docs: create base SDD repository layout
 3 files changed, 0 insertions(+), 0 deletions(-)
 create mode 100644 docs/.gitkeep
 create mode 100644 src/.gitkeep
 create mode 100644 tests/.gitkeep
[17:20:06] PS G:\gamejam-analyzer> git status
On branch main
Untracked files:
  (use "git add <file>..." to include in what will be committed)
	logs/
	screenshots/
	spec/

nothing added to commit but untracked files present (use "git add" to track)
[17:20:12] PS G:\gamejam-analyzer> git add spec/ logs/

[17:20:22] PS G:\gamejam-analyzer> git commit -m "spec: initialize baseline game jam analyzer concept"
[main aea58f4] spec: initialize baseline game jam analyzer concept
 3 files changed, 68 insertions(+)
 create mode 100644 logs/coding-agent.md
 create mode 100644 logs/terminal_history.log
 create mode 100644 spec/system-concept.md
[17:20:28] PS G:\gamejam-analyzer> git log --oneline
aea58f4 spec: initialize baseline game jam analyzer concept
0e79455 docs: create base SDD repository layout
[17:20:36] PS G:\gamejam-analyzer> git checkout -b human-spec-expansion
Switched to a new branch 'human-spec-expansion'
[17:20:45] PS G:\gamejam-analyzer> git diff
diff --git a/logs/terminal_history.log b/logs/terminal_history.log
index 3d6c457..2fcc41b 100644
--- a/logs/terminal_history.log
+++ b/logs/terminal_history.log
@@ -31,3 +31,16 @@ Untracked files:
 	spec/
 
 nothing added to commit but untracked files present (use "git add" to track)
+[17:20:12] PS G:\gamejam-analyzer> git add spec/ logs/
+
+[17:20:22] PS G:\gamejam-analyzer> git commit -m "spec: initialize baseline game jam analyzer concept"
+[main aea58f4] spec: initialize baseline game jam analyzer concept
+ 3 files changed, 68 insertions(+)
+ create mode 100644 logs/coding-agent.md
+ create mode 100644 logs/terminal_history.log
+ create mode 100644 spec/system-concept.md
+[17:20:28] PS G:\gamejam-analyzer> git log --oneline
+aea58f4 spec: initialize baseline game jam analyzer concept
+0e79455 docs: create base SDD repository layout
+[17:20:36] PS G:\gamejam-analyzer> git checkout -b human-spec-expansion
+Switched to a new branch 'human-spec-expansion'
diff --git a/spec/system-concept.md b/spec/system-concept.md
index e2c8eb3..7387a31 100644
--- a/spec/system-concept.md
+++ b/spec/system-concept.md
@@ -13,4 +13,4 @@
 - Jam (Джем): назва, часові рамки, тема, організатор, регламент проведення.
 - Participant (Учасник): профіль, спеціалізація (Gameplay Programmer, 2D/3D Artist, Sound Designer).
 - Team (Команда): назва, капітан, склад зареєстрованих учасників.
-- Submission (Проєкт): надіслана гра (початковий стан: назва, рушій, опис задуму).
+- Submission (Проєкт): надіслана гра. Обов'язково фіксує пряме посилання на Git-репозиторій із сирцевим кодом, хеш-суму релізу (SHA-256) та оцінку відповідності регламенту оригінальності контенту джему.
[17:20:53] PS G:\gamejam-analyzer> git add spec/system-concept.md

[17:21:05] PS G:\gamejam-analyzer> git commit -m "spec: define Submission audit and integrity requirements manually"
[human-spec-expansion 7febb6e] spec: define Submission audit and integrity requirements manually
 1 file changed, 1 insertion(+), 1 deletion(-)
[17:21:11] PS G:\gamejam-analyzer> git checkout main
Switched to branch 'main'
M	logs/terminal_history.log
[17:21:18] PS G:\gamejam-analyzer> git checkout -b agent-spec-expansion
Switched to a new branch 'agent-spec-expansion'
[17:21:26] PS G:\gamejam-analyzer> git diff
diff --git a/logs/terminal_history.log b/logs/terminal_history.log
index 3d6c457..a3269e0 100644
--- a/logs/terminal_history.log
+++ b/logs/terminal_history.log
@@ -31,3 +31,58 @@ Untracked files:
 	spec/
 
 nothing added to commit but untracked files present (use "git add" to track)
+[17:20:12] PS G:\gamejam-analyzer> git add spec/ logs/
+
+[17:20:22] PS G:\gamejam-analyzer> git commit -m "spec: initialize baseline game jam analyzer concept"
+[main aea58f4] spec: initialize baseline game jam analyzer concept
+ 3 files changed, 68 insertions(+)
+ create mode 100644 logs/coding-agent.md
+ create mode 100644 logs/terminal_history.log
+ create mode 100644 spec/system-concept.md
+[17:20:28] PS G:\gamejam-analyzer> git log --oneline
+aea58f4 spec: initialize baseline game jam analyzer concept
+0e79455 docs: create base SDD repository layout
+[17:20:36] PS G:\gamejam-analyzer> git checkout -b human-spec-expansion
+Switched to a new branch 'human-spec-expansion'
+[17:20:45] PS G:\gamejam-analyzer> git diff
+diff --git a/logs/terminal_history.log b/logs/terminal_history.log
+index 3d6c457..2fcc41b 100644
+--- a/logs/terminal_history.log
++++ b/logs/terminal_history.log
+@@ -31,3 +31,16 @@ Untracked files:
+ 	spec/
+ 
+ nothing added to commit but untracked files present (use "git add" to track)
++[17:20:12] PS G:\gamejam-analyzer> git add spec/ logs/
++
++[17:20:22] PS G:\gamejam-analyzer> git commit -m "spec: initialize baseline game jam analyzer concept"
++[main aea58f4] spec: initialize baseline game jam analyzer concept
++ 3 files changed, 68 insertions(+)
++ create mode 100644 logs/coding-agent.md
++ create mode 100644 logs/terminal_history.log
++ create mode 100644 spec/system-concept.md
++[17:20:28] PS G:\gamejam-analyzer> git log --oneline
++aea58f4 spec: initialize baseline game jam analyzer concept
++0e79455 docs: create base SDD repository layout
++[17:20:36] PS G:\gamejam-analyzer> git checkout -b human-spec-expansion
++Switched to a new branch 'human-spec-expansion'
+diff --git a/spec/system-concept.md b/spec/system-concept.md
+index e2c8eb3..7387a31 100644
+--- a/spec/system-concept.md
++++ b/spec/system-concept.md
+@@ -13,4 +13,4 @@
+ - Jam (Джем): назва, часові рамки, тема, організатор, регламент проведення.
+ - Participant (Учасник): профіль, спеціалізація (Gameplay Programmer, 2D/3D Artist, Sound Designer).
+ - Team (Команда): назва, капітан, склад зареєстрованих учасників.
+-- Submission (Проєкт): надіслана гра (початковий стан: назва, рушій, опис задуму).
++- Submission (Проєкт): надіслана гра. Обов'язково фіксує пряме посилання на Git-репозиторій із сирцевим кодом, хеш-суму релізу (SHA-256) та оцінку відповідності регламенту оригінальності контенту джему.
+[17:20:53] PS G:\gamejam-analyzer> git add spec/system-concept.md
+
+[17:21:05] PS G:\gamejam-analyzer> git commit -m "spec: define Submission audit and integrity requirements manually"
+[human-spec-expansion 7febb6e] spec: define Submission audit and integrity requirements manually
+ 1 file changed, 1 insertion(+), 1 deletion(-)
+[17:21:11] PS G:\gamejam-analyzer> git checkout main
+Switched to branch 'main'
+M	logs/terminal_history.log
+[17:21:18] PS G:\gamejam-analyzer> git checkout -b agent-spec-expansion
+Switched to a new branch 'agent-spec-expansion'
diff --git a/spec/system-concept.md b/spec/system-concept.md
index e2c8eb3..c2cacae 100644
--- a/spec/system-concept.md
+++ b/spec/system-concept.md
@@ -13,4 +13,4 @@
 - Jam (Джем): назва, часові рамки, тема, організатор, регламент проведення.
 - Participant (Учасник): профіль, спеціалізація (Gameplay Programmer, 2D/3D Artist, Sound Designer).
 - Team (Команда): назва, капітан, склад зареєстрованих учасників.
-- Submission (Проєкт): надіслана гра (початковий стан: назва, рушій, опис задуму).
+- Submission (Проєкт): надіслана гра. Обов'язково містить зовнішні URL на WebGL-білд (Itch.io / GameJolt), обмеження ваги архіву до 500 МБ, ідентифікатор цільової платформи та перелік використаних сторонніх асетів.
[17:21:35] PS G:\gamejam-analyzer> git add spec/system-concept.md

[17:21:48] PS G:\gamejam-analyzer> git commit -m "spec: refine Submission entity with external distribution metrics by agent"
[agent-spec-expansion 401bdca] spec: refine Submission entity with external distribution metrics by agent
 1 file changed, 1 insertion(+), 1 deletion(-)
[17:21:54] PS G:\gamejam-analyzer> git checkout human-spec-expansion
Switched to branch 'human-spec-expansion'
M	logs/terminal_history.log
[17:22:04] PS G:\gamejam-analyzer> git merge agent-spec-expansion
Auto-merging spec/system-concept.md
CONFLICT (content): Merge conflict in spec/system-concept.md
Automatic merge failed; fix conflicts and then commit the result.
[17:22:10] PS G:\gamejam-analyzer> git status
On branch human-spec-expansion
You have unmerged paths.
  (fix conflicts and run "git commit")
  (use "git merge --abort" to abort the merge)

Unmerged paths:
  (use "git add <file>..." to mark resolution)
	both modified:   spec/system-concept.md

Changes not staged for commit:
  (use "git add <file>..." to update what will be committed)
  (use "git restore <file>..." to discard changes in working directory)
	modified:   logs/terminal_history.log

Untracked files:
  (use "git add <file>..." to include in what will be committed)
	screenshots/

no changes added to commit (use "git add" and/or "git commit -a")
[17:22:15] PS G:\gamejam-analyzer> git diff
diff --cc spec/system-concept.md
index 7387a31,c2cacae..0000000
--- a/spec/system-concept.md
+++ b/spec/system-concept.md
@@@ -13,4 -13,4 +13,8 @@@
  - Jam (Джем): назва, часові рамки, тема, організатор, регламент проведення.
  - Participant (Учасник): профіль, спеціалізація (Gameplay Programmer, 2D/3D Artist, Sound Designer).
  - Team (Команда): назва, капітан, склад зареєстрованих учасників.
++<<<<<<< HEAD
 +- Submission (Проєкт): надіслана гра. Обов'язково фіксує пряме посилання на Git-репозиторій із сирцевим кодом, хеш-суму релізу (SHA-256) та оцінку відповідності регламенту оригінальності контенту джему.
++=======
+ - Submission (Проєкт): надіслана гра. Обов'язково містить зовнішні URL на WebGL-білд (Itch.io / GameJolt), обмеження ваги архіву до 500 МБ, ідентифікатор цільової платформи та перелік використаних сторонніх асетів.
++>>>>>>> agent-spec-expansion
diff --git a/logs/terminal_history.log b/logs/terminal_history.log
index 3d6c457..8010165 100644
--- a/logs/terminal_history.log
+++ b/logs/terminal_history.log
@@ -31,3 +31,164 @@ Untracked files:
 	spec/
 
 nothing added to commit but untracked files present (use "git add" to track)
+[17:20:12] PS G:\gamejam-analyzer> git add spec/ logs/
+
+[17:20:22] PS G:\gamejam-analyzer> git commit -m "spec: initialize baseline game jam analyzer concept"
+[main aea58f4] spec: initialize baseline game jam analyzer concept
+ 3 files changed, 68 insertions(+)
+ create mode 100644 logs/coding-agent.md
+ create mode 100644 logs/terminal_history.log
+ create mode 100644 spec/system-concept.md
+[17:20:28] PS G:\gamejam-analyzer> git log --oneline
+aea58f4 spec: initialize baseline game jam analyzer concept
+0e79455 docs: create base SDD repository layout
+[17:20:36] PS G:\gamejam-analyzer> git checkout -b human-spec-expansion
+Switched to a new branch 'human-spec-expansion'
+[17:20:45] PS G:\gamejam-analyzer> git diff
+diff --git a/logs/terminal_history.log b/logs/terminal_history.log
+index 3d6c457..2fcc41b 100644
+--- a/logs/terminal_history.log
++++ b/logs/terminal_history.log
+@@ -31,3 +31,16 @@ Untracked files:
+ 	spec/
+ 
+ nothing added to commit but untracked files present (use "git add" to track)
++[17:20:12] PS G:\gamejam-analyzer> git add spec/ logs/
++
++[17:20:22] PS G:\gamejam-analyzer> git commit -m "spec: initialize baseline game jam analyzer concept"
++[main aea58f4] spec: initialize baseline game jam analyzer concept
++ 3 files changed, 68 insertions(+)
++ create mode 100644 logs/coding-agent.md
++ create mode 100644 logs/terminal_history.log
++ create mode 100644 spec/system-concept.md
++[17:20:28] PS G:\gamejam-analyzer> git log --oneline
++aea58f4 spec: initialize baseline game jam analyzer concept
++0e79455 docs: create base SDD repository layout
++[17:20:36] PS G:\gamejam-analyzer> git checkout -b human-spec-expansion
++Switched to a new branch 'human-spec-expansion'
+diff --git a/spec/system-concept.md b/spec/system-concept.md
+index e2c8eb3..7387a31 100644
+--- a/spec/system-concept.md
++++ b/spec/system-concept.md
+@@ -13,4 +13,4 @@
+ - Jam (Джем): назва, часові рамки, тема, організатор, регламент проведення.
+ - Participant (Учасник): профіль, спеціалізація (Gameplay Programmer, 2D/3D Artist, Sound Designer).
+ - Team (Команда): назва, капітан, склад зареєстрованих учасників.
+-- Submission (Проєкт): надіслана гра (початковий стан: назва, рушій, опис задуму).
++- Submission (Проєкт): надіслана гра. Обов'язково фіксує пряме посилання на Git-репозиторій із сирцевим кодом, хеш-суму релізу (SHA-256) та оцінку відповідності регламенту оригінальності контенту джему.
+[17:20:53] PS G:\gamejam-analyzer> git add spec/system-concept.md
+
+[17:21:05] PS G:\gamejam-analyzer> git commit -m "spec: define Submission audit and integrity requirements manually"
+[human-spec-expansion 7febb6e] spec: define Submission audit and integrity requirements manually
+ 1 file changed, 1 insertion(+), 1 deletion(-)
+[17:21:11] PS G:\gamejam-analyzer> git checkout main
+Switched to branch 'main'
+M	logs/terminal_history.log
+[17:21:18] PS G:\gamejam-analyzer> git checkout -b agent-spec-expansion
+Switched to a new branch 'agent-spec-expansion'
+[17:21:26] PS G:\gamejam-analyzer> git diff
+diff --git a/logs/terminal_history.log b/logs/terminal_history.log
+index 3d6c457..a3269e0 100644
+--- a/logs/terminal_history.log
++++ b/logs/terminal_history.log
+@@ -31,3 +31,58 @@ Untracked files:
+ 	spec/
+ 
+ nothing added to commit but untracked files present (use "git add" to track)
++[17:20:12] PS G:\gamejam-analyzer> git add spec/ logs/
++
++[17:20:22] PS G:\gamejam-analyzer> git commit -m "spec: initialize baseline game jam analyzer concept"
++[main aea58f4] spec: initialize baseline game jam analyzer concept
++ 3 files changed, 68 insertions(+)
++ create mode 100644 logs/coding-agent.md
++ create mode 100644 logs/terminal_history.log
++ create mode 100644 spec/system-concept.md
++[17:20:28] PS G:\gamejam-analyzer> git log --oneline
++aea58f4 spec: initialize baseline game jam analyzer concept
++0e79455 docs: create base SDD repository layout
++[17:20:36] PS G:\gamejam-analyzer> git checkout -b human-spec-expansion
++Switched to a new branch 'human-spec-expansion'
++[17:20:45] PS G:\gamejam-analyzer> git diff
++diff --git a/logs/terminal_history.log b/logs/terminal_history.log
++index 3d6c457..2fcc41b 100644
++--- a/logs/terminal_history.log
+++++ b/logs/terminal_history.log
++@@ -31,3 +31,16 @@ Untracked files:
++ 	spec/
++ 
++ nothing added to commit but untracked files present (use "git add" to track)
+++[17:20:12] PS G:\gamejam-analyzer> git add spec/ logs/
+++
+++[17:20:22] PS G:\gamejam-analyzer> git commit -m "spec: initialize baseline game jam analyzer concept"
+++[main aea58f4] spec: initialize baseline game jam analyzer concept
+++ 3 files changed, 68 insertions(+)
+++ create mode 100644 logs/coding-agent.md
+++ create mode 100644 logs/terminal_history.log
+++ create mode 100644 spec/system-concept.md
+++[17:20:28] PS G:\gamejam-analyzer> git log --oneline
+++aea58f4 spec: initialize baseline game jam analyzer concept
+++0e79455 docs: create base SDD repository layout
+++[17:20:36] PS G:\gamejam-analyzer> git checkout -b human-spec-expansion
+++Switched to a new branch 'human-spec-expansion'
++diff --git a/spec/system-concept.md b/spec/system-concept.md
++index e2c8eb3..7387a31 100644
++--- a/spec/system-concept.md
+++++ b/spec/system-concept.md
++@@ -13,4 +13,4 @@
++ - Jam (Джем): назва, часові рамки, тема, організатор, регламент проведення.
++ - Participant (Учасник): профіль, спеціалізація (Gameplay Programmer, 2D/3D Artist, Sound Designer).
++ - Team (Команда): назва, капітан, склад зареєстрованих учасників.
++-- Submission (Проєкт): надіслана гра (початковий стан: назва, рушій, опис задуму).
+++- Submission (Проєкт): надіслана гра. Обов'язково фіксує пряме посилання на Git-репозиторій із сирцевим кодом, хеш-суму релізу (SHA-256) та оцінку відповідності регламенту оригінальності контенту джему.
++[17:20:53] PS G:\gamejam-analyzer> git add spec/system-concept.md
++
++[17:21:05] PS G:\gamejam-analyzer> git commit -m "spec: define Submission audit and integrity requirements manually"
++[human-spec-expansion 7febb6e] spec: define Submission audit and integrity requirements manually
++ 1 file changed, 1 insertion(+), 1 deletion(-)
++[17:21:11] PS G:\gamejam-analyzer> git checkout main
++Switched to branch 'main'
++M	logs/terminal_history.log
++[17:21:18] PS G:\gamejam-analyzer> git checkout -b agent-spec-expansion
++Switched to a new branch 'agent-spec-expansion'
+diff --git a/spec/system-concept.md b/spec/system-concept.md
+index e2c8eb3..c2cacae 100644
+--- a/spec/system-concept.md
++++ b/spec/system-concept.md
+@@ -13,4 +13,4 @@
+ - Jam (Джем): назва, часові рамки, тема, організатор, регламент проведення.
+ - Participant (Учасник): профіль, спеціалізація (Gameplay Programmer, 2D/3D Artist, Sound Designer).
+ - Team (Команда): назва, капітан, склад зареєстрованих учасників.
+-- Submission (Проєкт): надіслана гра (початковий стан: назва, рушій, опис задуму).
++- Submission (Проєкт): надіслана гра. Обов'язково містить зовнішні URL на WebGL-білд (Itch.io / GameJolt), обмеження ваги архіву до 500 МБ, ідентифікатор цільової платформи та перелік використаних сторонніх асетів.
+[17:21:35] PS G:\gamejam-analyzer> git add spec/system-concept.md
+
+[17:21:48] PS G:\gamejam-analyzer> git commit -m "spec: refine Submission entity with external distribution metrics by agent"
+[agent-spec-expansion 401bdca] spec: refine Submission entity with external distribution metrics by agent
+ 1 file changed, 1 insertion(+), 1 deletion(-)
+[17:21:54] PS G:\gamejam-analyzer> git checkout human-spec-expansion
+Switched to branch 'human-spec-expansion'
+M	logs/terminal_history.log
+[17:22:04] PS G:\gamejam-analyzer> git merge agent-spec-expansion
+Auto-merging spec/system-concept.md
+CONFLICT (content): Merge conflict in spec/system-concept.md
+Automatic merge failed; fix conflicts and then commit the result.
+[17:22:10] PS G:\gamejam-analyzer> git status
+On branch human-spec-expansion
+You have unmerged paths.
+  (fix conflicts and run "git commit")
+  (use "git merge --abort" to abort the merge)
+
+Unmerged paths:
+  (use "git add <file>..." to mark resolution)
+	both modified:   spec/system-concept.md
+
+Changes not staged for commit:
+  (use "git add <file>..." to update what will be committed)
+  (use "git restore <file>..." to discard changes in working directory)
+	modified:   logs/terminal_history.log
+
+Untracked files:
+  (use "git add <file>..." to include in what will be committed)
+	screenshots/
+
+no changes added to commit (use "git add" and/or "git commit -a")
[17:22:40] PS G:\gamejam-analyzer> git add spec/system-concept.md logs/conflict-resolution.md logs/git-gate.md

[17:22:54] PS G:\gamejam-analyzer> git commit -m "gate: resolve human-agent conflict and finalize GIT-GATE checkpoint"
[human-spec-expansion a5f1646] gate: resolve human-agent conflict and finalize GIT-GATE checkpoint
[17:23:00] PS G:\gamejam-analyzer> git checkout main
Switched to branch 'main'
M	logs/terminal_history.log
[17:23:07] PS G:\gamejam-analyzer> git merge human-spec-expansion
Updating aea58f4..a5f1646
Fast-forward
 logs/conflict-resolution.md | 37 +++++++++++++++++++++++++++++++++++++
 logs/git-gate.md            | 16 ++++++++++++++++
 spec/system-concept.md      |  4 +++-
 3 files changed, 56 insertions(+), 1 deletion(-)
 create mode 100644 logs/conflict-resolution.md
 create mode 100644 logs/git-gate.md
[17:23:11] PS G:\gamejam-analyzer> git status
On branch main
Changes not staged for commit:
  (use "git add <file>..." to update what will be committed)
  (use "git restore <file>..." to discard changes in working directory)
	modified:   logs/terminal_history.log

Untracked files:
  (use "git add <file>..." to include in what will be committed)
	screenshots/

no changes added to commit (use "git add" and/or "git commit -a")
[17:23:21] PS G:\gamejam-analyzer> git log --graph --all --oneline
*   a5f1646 gate: resolve human-agent conflict and finalize GIT-GATE checkpoint
|\  
| * 401bdca spec: refine Submission entity with external distribution metrics by agent
* | 7febb6e spec: define Submission audit and integrity requirements manually
|/  
* aea58f4 spec: initialize baseline game jam analyzer concept
* 0e79455 docs: create base SDD repository layout

[11:35:00] PS G:\gamejam-analyzer> # --- Laboratory Work 2: SKED Dialogue and Baseline SRS ---
[11:37:00] PS G:\gamejam-analyzer> git status
On branch main
Your branch is up to date with 'origin/main'.
[11:41:00] PS G:\gamejam-analyzer> # Initiating SKED dialogue and consensus building...
[11:42:00] PS G:\gamejam-analyzer> # Generated spec/srs.md, spec/srs.tex, spec/traceability-matrix.md
[11:42:15] PS G:\gamejam-analyzer> # Generated logs/sked-summary.md, logs/spec-gate.md
[11:42:30] PS G:\gamejam-analyzer> git status
On branch main
Untracked files:
  (use "git add <file>..." to include in what will be committed)
	logs/sked-summary.md
	logs/spec-gate.md
	spec/srs.md
	spec/srs.tex
	spec/traceability-matrix.md

modified:
	spec/system-concept.md
	logs/terminal_history.log
